retrieve,class=od,type=fc,stream=oper,levtype=sfc,date=20260901,time=0000,step=6,expver=0001,param=167,grid=1/1,target=a.grib,domain=g,timespan=none
retrieve,class=od,type=fc,stream=oper,levtype=sfc,date=20260901,time=0000,step=6,expver=0001,param=228228,grid=1/1,target=a.grib,domain=g,timespan=fs
retrieve,step=12,param=165,class=od,type=fc,stream=oper,levtype=sfc,date=20260901,time=0000,expver=0001,domain=g,grid=1/1,target=a.grib,timespan=none
retrieve,step=12,param=228143,class=od,type=fc,stream=oper,levtype=sfc,date=20260901,time=0000,expver=0001,domain=g,grid=1/1,target=a.grib,timespan=fs
retrieve,levtype=pl,levelist=500,param=130,class=od,type=fc,stream=oper,date=20260901,time=0000,step=12,expver=0001,domain=g,target=a.grib,timespan=none
