retrieve,class=od,type=fc,stream=oper,levtype=sfc,date=20260901,time=0000,step=0/3/6/12,expver=0001,param=228228/228143/3062/237318,domain=g,timespan=fs
retrieve,class=od,type=fc,stream=oper,levtype=sfc,date=20260901,time=0000,step=0/3/6/12,expver=0001,param=167,domain=g,timespan=none
retrieve,class=od,type=fc,stream=oper,levtype=sfc,date=20260901,time=0000,step=0/3/6/12,expver=0001,param=237167/238167,domain=g,timespan=6h
