RETRIEVE,
    CLASS      = OD,
    TYPE       = FC,
    STREAM     = OPER,
    EXPVER     = 0001,
    REPRES     = GG,
    LEVTYPE    = SFC,
    PARAM      = 167,
    DATE       = 20231231,
    TIME       = 0000/1200,
    STEP       = 0,
    DOMAIN     = G,
    TARGET     = reference.vEDx0X.data,
    RESOL      = AUTO,
    AREA       = 58/-10/35/80,
    GRID       = .1/.1 