RETRIEVE,
    CLASS      = OD,
    TYPE       = OF,
    STREAM     = OCEA,
    EXPVER     = 0001,
    REPRES     = SH,
    LEVTYPE    = DP,
    LEVELIST   = 0,
    PARAM      = 151145,
    DATE       = 20070601,
    TIME       = 0000,
    RANGE      = 264,
    STEP       = 288,
    NUMBER     = 0,
    DOMAIN     = G,
    SYSTEM     = 2,
    METHOD     = 1,
    PRODUCT    = TIMS,
    SECTION    = Z,
    LATITUDE   = -9.967,
    TARGET     = reference.0DY4f2.data 