RETRIEVE,
    CLASS      = OD,
    TYPE       = AN,
    STREAM     = OPER,
    EXPVER     = 0001,
    REPRES     = GG,
    LEVTYPE    = SFC,
    PARAM      = 134/137/165/166/167/168/235,
    DATE       = 20240102,
    TIME       = 0000,
    STEP       = 0,
    DOMAIN     = G,
    TARGET     = data.reference,
    RESOL      = AV,
    ACCURACY   = 12,
    STYLE      = DISSEMINATION,
    AREA       = 90/0/-90/359.5,
    GRID       = .5/.5,
    PADDING    = 0 