RETRIEVE,
    CLASS      = TI,
    TYPE       = PF,
    STREAM     = ENFO,
    EXPVER     = test,
    MODEL      = LAM,
    REPRES     = SH,
    LEVTYPE    = SFC,
    PARAM      = 166,
    DATE       = 20130225,
    TIME       = 0000,
    STEP       = 3,
    NUMBER     = 1,
    ORIGIN     = SRNWPPEPS-DWD-EUA,
    TARGET     = reference.data,
    PADDING    = 0,
    PROCESS    = LOCAL