RETRIEVE,
    CLASS      = TI,
    TYPE       = CF,
    STREAM     = ENFO,
    EXPVER     = ALL,
    REPRES     = SH,
    LEVTYPE    = SFC,
    PARAM      = 167,
    DATE       = 20250414,
    TIME       = 1200,
    STEP       = 24,
    ORIGIN     = ALL,
    TARGET     = data.reference,
    PADDING    = 0,
    PROCESS    = LOCAL,
    EXPECT     = ANY,
    NUMBER     = 0