RETRIEVE,
    CLASS      = OD,
    TYPE       = AN,
    STREAM     = OPER,
    EXPVER     = 0001,
    REPRES     = SH,
    LEVTYPE    = PL,
    LEVELIST   = 1000/500,
    PARAM      = 130,
    DATE       = 20250416,
    TIME       = 1200,
    STEP       = 0,
    DOMAIN     = G,
    TARGET     = data.reference,
    ACCURACY   = 8 