RETRIEVE,
    CLASS      = OD,
    TYPE       = PF,
    STREAM     = WAEF,
    EXPVER     = 0001,
    REPRES     = SH,
    LEVTYPE    = SFC,
    PARAM      = 229.140/232.140/245.140,
    DATE       = 20201101,
    TIME       = 0000/0600/1200/1800,
    STEP       = 9,
    NUMBER     = 1,
    DOMAIN     = G,
    TARGET     = reference.0GhkzD.data,
    RESOL      = AUTO,
    AREA       = 39.5/140/39.5/140,
    GRID       = 0.1/0.1,
    PADDING    = 0
