 RETRIEVE,
    CLASS      = OD,
    TYPE       = PF,
    STREAM     = ENFO,
    EXPVER     = 0001,
    REPRES     = SH,
    LEVTYPE    = SFC,
    PARAM      = 167/165/166/164/228,
    DATE       = 20250416,
    TIME       = 0000,
    STEP       = 6/12,
    NUMBER     = 1/2,
    DOMAIN     = G,
    TARGET     = data.reference,
    RESOL      = N128,
    AREA       = 70.5/-21/30/40.5,
    GRID       = 1.5/1.5